small_graph_01 121
small_graph_02 160
small_graph_03 126
small_graph_04 33
small_graph_07 22
small_graph_08 51
small_graph_09 299
small_graph_10 119
small_graph_12 129
small_graph_14 143
small_graph_15 29
small_graph_22 92
small_graph_23 520
small_graph_26 40
small_graph_30 159
small_graph_32 131
small_graph_33 63
small_graph_38 130
small_graph_39 288
small_graph_42 110
small_graph_44 28
small_graph_45 64
small_graph_46 38
small_graph_47 219
small_graph_48 82
small_graph_49 13
small_graph_51 5
small_graph_53 158
small_graph_55 92
small_graph_56 29
medium_graph_01 316
medium_graph_04 85
medium_graph_07 17
medium_graph_09 275
medium_graph_10 159
medium_graph_11 148
medium_graph_14 171
medium_graph_15 125
medium_graph_17 158
medium_graph_18 159
medium_graph_19 136
medium_graph_20 3
medium_graph_22 141
medium_graph_23 130
medium_graph_25 165
medium_graph_27 175
medium_graph_29 357
medium_graph_35 127
medium_graph_36 201
medium_graph_40 22
medium_graph_41 32
medium_graph_43 464
medium_graph_46 30
medium_graph_47 42
medium_graph_48 194
medium_graph_49 35
medium_graph_50 21
medium_graph_51 75
medium_graph_53 217
medium_graph_58 274
large_graph_01 176
large_graph_02 38
large_graph_05 32
large_graph_07 122
large_graph_09 76
large_graph_10 137
large_graph_11 240
large_graph_16 247
large_graph_18 85
large_graph_20 281
large_graph_21 127
large_graph_25 138
large_graph_26 23
large_graph_27 24
large_graph_29 17
large_graph_31 6
large_graph_32 225
large_graph_33 10
large_graph_34 163
large_graph_36 71
large_graph_37 286
large_graph_38 183
large_graph_40 88
large_graph_44 4
large_graph_46 1
large_graph_48 226
large_graph_51 329
large_graph_54 19
large_graph_57 102
large_graph_60 181
