small_tree_1 78
small_tree_2 53
small_tree_3 60
small_tree_4 55
small_tree_5 74
medium_tree_100 118276
medium_tree_10 112513
medium_tree_125 111049
medium_tree_161 117817
medium_tree_171 125889
medium_tree_179 119414
medium_tree_203 116324
medium_tree_241 122674
medium_tree_254 127476
medium_tree_280 113387
medium_tree_288 131345
medium_tree_2 138280
medium_tree_302 115301
medium_tree_313 121607
medium_tree_329 106910
medium_tree_346 107742
medium_tree_350 116159
medium_tree_44 112841
medium_tree_45 114649
medium_tree_472 120046
medium_tree_493 121489
medium_tree_505 126582
medium_tree_512 115702
medium_tree_514 103306
medium_tree_537 122318
medium_tree_56 114237
medium_tree_577 121606
medium_tree_588 110300
medium_tree_612 107049
medium_tree_616 114171
medium_tree_630 104326
medium_tree_640 113527
medium_tree_693 111387
medium_tree_696 111285
medium_tree_710 134402
medium_tree_743 112348
medium_tree_745 123321
medium_tree_76 113358
medium_tree_826 104031
medium_tree_848 128272
medium_tree_849 116637
medium_tree_853 101316
medium_tree_857 123615
medium_tree_871 114488
medium_tree_8 119890
medium_tree_907 120889
medium_tree_92 114399
medium_tree_940 109887
medium_tree_960 120809
medium_tree_976 117719
