small_chain_1 20
small_chain_2 27
small_chain_3 19
small_chain_4 21
small_chain_5 28
medium_chain_128 294312
medium_chain_151 284252
medium_chain_174 242666
medium_chain_197 254016
medium_chain_200 240247
medium_chain_218 271928
medium_chain_224 262286
medium_chain_228 247384
medium_chain_232 283965
medium_chain_258 279365
medium_chain_279 272379
medium_chain_280 257784
medium_chain_298 258072
medium_chain_306 250824
medium_chain_322 267745
medium_chain_357 249936
medium_chain_363 255383
medium_chain_370 243158
medium_chain_381 259038
medium_chain_38 271777
medium_chain_397 294500
medium_chain_403 267802
medium_chain_410 260036
medium_chain_412 283723
medium_chain_423 266906
medium_chain_434 237274
medium_chain_455 247946
medium_chain_475 251230
medium_chain_50 278929
medium_chain_518 259829
medium_chain_563 260859
medium_chain_581 259061
medium_chain_585 292101
medium_chain_621 256874
medium_chain_661 266739
medium_chain_672 264945
medium_chain_675 260579
medium_chain_679 253203
medium_chain_682 236114
medium_chain_793 248790
medium_chain_817 293864
medium_chain_825 283937
medium_chain_828 243278
medium_chain_891 267638
medium_chain_904 250036
medium_chain_907 269377
medium_chain_921 279864
medium_chain_925 251685
medium_chain_960 291095
medium_chain_976 277403
